../Core/Src/MatLib.h:10:5:newmat	88	static
../Core/Src/MatLib.h:26:6:set	16	static
../Core/Src/MatLib.h:30:5:sum	160	static
../Core/Src/MatLib.h:46:5:minus	160	static
../Core/Src/MatLib.h:62:5:multiply	168	static
../Core/Src/MatLib.h:81:5:transpose	160	static
../Core/Src/main.c:168:5:main	16	static
../Core/Src/main.c:245:6:SystemClock_Config	88	static
../Core/Src/main.c:292:13:MX_TIM1_Init	56	static
../Core/Src/main.c:342:13:MX_TIM3_Init	64	static
../Core/Src/main.c:405:13:MX_TIM4_Init	32	static
../Core/Src/main.c:450:13:MX_USART2_UART_Init	8	static
../Core/Src/main.c:483:13:MX_GPIO_Init	48	static
../Core/Src/main.c:512:6:Unwrap	4	static
../Core/Src/main.c:529:6:prediction	424	static
../Core/Src/main.c:534:6:update	584	static
../Core/Src/main.c:548:6:kalmanfilter	160	static
../Core/Src/main.c:555:6:setmatrix	320	static
../Core/Src/main.c:582:6:calPWM	40	static
../Core/Src/main.c:588:6:HAL_TIM_PeriodElapsedCallback	16	static
../Core/Src/main.c:602:6:Error_Handler	4	static,ignoring_inline_asm
