../Core/Src/MatLib.h:10:5:newmat	88	static
../Core/Src/MatLib.h:26:6:set	16	static
../Core/Src/MatLib.h:30:5:sum	160	static
../Core/Src/MatLib.h:46:5:minus	160	static
../Core/Src/MatLib.h:62:5:multiply	168	static
../Core/Src/MatLib.h:81:5:transpose	160	static
../Core/Src/main.c:155:5:main	16	static
../Core/Src/main.c:223:6:SystemClock_Config	88	static
../Core/Src/main.c:270:13:MX_TIM1_Init	56	static
../Core/Src/main.c:320:13:MX_TIM3_Init	64	static
../Core/Src/main.c:383:13:MX_TIM4_Init	32	static
../Core/Src/main.c:428:13:MX_USART2_UART_Init	8	static
../Core/Src/main.c:461:13:MX_GPIO_Init	48	static
../Core/Src/main.c:490:6:Unwrap	4	static
../Core/Src/main.c:508:6:prediction	424	static
../Core/Src/main.c:513:6:update	584	static
../Core/Src/main.c:527:6:kalmanfilter	160	static
../Core/Src/main.c:532:6:setmatrix	320	static
../Core/Src/main.c:559:6:HAL_TIM_PeriodElapsedCallback	16	static
../Core/Src/main.c:573:6:Error_Handler	4	static,ignoring_inline_asm
